<?xml version="1.0" encoding="UTF-8"?>
<TestRun id="28b8a64f-d533-4275-8510-01af27f5708f" name="STRIKE@STRIKE-THINK 2012-05-31 15:37:12" runUser="STRIKE-THINK\STRIKE" xmlns="http://microsoft.com/schemas/VisualStudio/TeamTest/2010">
  <TestSettings name="本地" id="b0d1f914-73df-497a-86de-32ab188fa84f">
    <Description>这些设置为本地测试运行的默认测试设置。</Description>
    <Deployment enabled="false" runDeploymentRoot="STRIKE_STRIKE-THINK 2012-05-31 15_37_12">
      <DeploymentItem filename="D:\学习\大三下\敏捷软件开发\O\OfficeOnlineSystem\Lib\MbUnit\TestFu.dll" />
      <DeploymentItem filename="D:\学习\大三下\敏捷软件开发\O\OfficeOnlineSystem\DataAccessLayer\bin\Debug\DataAccessLayer.dll" />
      <DeploymentItem filename="D:\学习\大三下\敏捷软件开发\O\OfficeOnlineSystem\Lib\NHibernate\Castle.DynamicProxy.dll" />
      <DeploymentItem filename="D:\学习\大三下\敏捷软件开发\O\OfficeOnlineSystem\Lib\NHibernate\log4net.dll" />
      <DeploymentItem filename="D:\学习\大三下\敏捷软件开发\O\OfficeOnlineSystem\Lib\MbUnit\NGraphviz.dll" />
      <DeploymentItem filename="D:\学习\大三下\敏捷软件开发\O\OfficeOnlineSystem\Lib\MbUnit\MbUnit.MSBuild.Tasks.dll" />
      <DeploymentItem filename="D:\学习\大三下\敏捷软件开发\O\OfficeOnlineSystem\Lib\MbUnit\TestDriven.Framework.dll" />
      <DeploymentItem filename="D:\学习\大三下\敏捷软件开发\O\OfficeOnlineSystem\Lib\NHibernate\Iesi.Collections.dll" />
      <DeploymentItem filename="D:\学习\大三下\敏捷软件开发\O\OfficeOnlineSystem\Lib\MbUnit\QuickGraph.Algorithms.dll" />
      <DeploymentItem filename="D:\学习\大三下\敏捷软件开发\O\OfficeOnlineSystem\Lib\MbUnit\NGraphviz.Layout.dll" />
      <DeploymentItem filename="D:\学习\大三下\敏捷软件开发\O\OfficeOnlineSystem\Lib\MbUnit\MbUnit.Framework.2.0.dll" />
      <DeploymentItem filename="D:\学习\大三下\敏捷软件开发\O\OfficeOnlineSystem\Lib\MbUnit\QuickGraph.Algorithms.Graphviz.dll" />
      <DeploymentItem filename="D:\学习\大三下\敏捷软件开发\O\OfficeOnlineSystem\Lib\MbUnit\NGraphviz.Helpers.dll" />
      <DeploymentItem filename="D:\学习\大三下\敏捷软件开发\O\OfficeOnlineSystem\Lib\MbUnit\MbUnit.AddIn.dll" />
      <DeploymentItem filename="D:\学习\大三下\敏捷软件开发\O\OfficeOnlineSystem\Lib\MbUnit\NAnt.Core.dll" />
      <DeploymentItem filename="D:\学习\大三下\敏捷软件开发\O\OfficeOnlineSystem\Lib\NHibernate\NHibernate.dll" />
      <DeploymentItem filename="D:\学习\大三下\敏捷软件开发\O\OfficeOnlineSystem\Lib\MbUnit\MbUnit.Framework.dll" />
      <DeploymentItem filename="D:\学习\大三下\敏捷软件开发\O\OfficeOnlineSystem\Lib\MbUnit\Refly.dll" />
      <DeploymentItem filename="D:\学习\大三下\敏捷软件开发\O\OfficeOnlineSystem\Lib\MbUnit\nunit.framework.dll" />
      <DeploymentItem filename="D:\学习\大三下\敏捷软件开发\O\OfficeOnlineSystem\Lib\MbUnit\MbUnit.Tasks.dll" />
      <DeploymentItem filename="D:\学习\大三下\敏捷软件开发\O\OfficeOnlineSystem\Lib\MbUnit\QuickGraph.dll" />
      <DeploymentItem filename="D:\学习\大三下\敏捷软件开发\O\OfficeOnlineSystem\DataTransfer\bin\Debug\DataTransfer.dll" />
    </Deployment>
    <Execution>
      <TestTypeSpecific />
      <AgentRule name="Execution Agents">
      </AgentRule>
    </Execution>
  </TestSettings>
  <Times creation="2012-05-31T15:37:12.1880674+08:00" queuing="2012-05-31T15:37:13.5841472+08:00" start="2012-05-31T15:37:13.6611517+08:00" finish="2012-05-31T15:37:16.1882962+08:00" />
  <ResultSummary outcome="Completed">
    <Counters total="10" executed="10" passed="10" error="0" failed="0" timeout="0" aborted="0" inconclusive="0" passedButRunAborted="0" notRunnable="0" notExecuted="0" disconnected="0" warning="0" completed="0" inProgress="0" pending="0" />
  </ResultSummary>
  <TestDefinitions>
    <UnitTest name="GetAllUserNameTest" storage="d:\学习\大三下\敏捷软件开发\o\officeonlinesystem\testproject2\bin\debug\testproject2.dll" id="eb45bce0-f2e0-418d-63b7-e4b5326374fa">
      <Execution id="965b5a06-618a-437f-b1c3-140d81a20b95" />
      <TestMethod codeBase="D:/学习/大三下/敏捷软件开发/O/OfficeOnlineSystem/TestProject2/bin/Debug/TestProject2.DLL" adapterTypeName="Microsoft.VisualStudio.TestTools.TestTypes.Unit.UnitTestAdapter, Microsoft.VisualStudio.QualityTools.Tips.UnitTest.Adapter, Version=10.0.0.0, Culture=neutral, PublicKeyToken=b03f5f7f11d50a3a" className="OfficeOnlineSystemTest.UnitTest2, TestProject2, Version=1.0.0.0, Culture=neutral, PublicKeyToken=null" name="GetAllUserNameTest" />
    </UnitTest>
    <UnitTest name="IsUserExistTest" storage="d:\学习\大三下\敏捷软件开发\o\officeonlinesystem\testproject2\bin\debug\testproject2.dll" id="a9dee81f-d9e2-896d-f67e-7bb852229bcb">
      <Execution id="e60eac5f-8ca1-49d0-9201-3d323a15342b" />
      <TestMethod codeBase="D:/学习/大三下/敏捷软件开发/O/OfficeOnlineSystem/TestProject2/bin/Debug/TestProject2.DLL" adapterTypeName="Microsoft.VisualStudio.TestTools.TestTypes.Unit.UnitTestAdapter, Microsoft.VisualStudio.QualityTools.Tips.UnitTest.Adapter, Version=10.0.0.0, Culture=neutral, PublicKeyToken=b03f5f7f11d50a3a" className="OfficeOnlineSystemTest.UnitTest2, TestProject2, Version=1.0.0.0, Culture=neutral, PublicKeyToken=null" name="IsUserExistTest" />
    </UnitTest>
    <UnitTest name="GetAllTreatFileTest" storage="d:\学习\大三下\敏捷软件开发\o\officeonlinesystem\testproject2\bin\debug\testproject2.dll" id="9f00eabf-207d-a32d-6200-a35fbf1cc322">
      <Execution id="89bbdb36-e963-41b4-a368-c25bfded61ad" />
      <TestMethod codeBase="D:/学习/大三下/敏捷软件开发/O/OfficeOnlineSystem/TestProject2/bin/Debug/TestProject2.DLL" adapterTypeName="Microsoft.VisualStudio.TestTools.TestTypes.Unit.UnitTestAdapter, Microsoft.VisualStudio.QualityTools.Tips.UnitTest.Adapter, Version=10.0.0.0, Culture=neutral, PublicKeyToken=b03f5f7f11d50a3a" className="OfficeOnlineSystemTest.TreatFileQueryHql, TestProject2, Version=1.0.0.0, Culture=neutral, PublicKeyToken=null" name="GetAllTreatFileTest" />
    </UnitTest>
    <UnitTest name="IsPFileExistTest" storage="d:\学习\大三下\敏捷软件开发\o\officeonlinesystem\testproject2\bin\debug\testproject2.dll" id="0941814a-df53-5ccc-c420-f9511d87934f">
      <Execution id="d866ab3c-2197-444f-8dc4-d6ffa676df0c" />
      <TestMethod codeBase="D:/学习/大三下/敏捷软件开发/O/OfficeOnlineSystem/TestProject2/bin/Debug/TestProject2.DLL" adapterTypeName="Microsoft.VisualStudio.TestTools.TestTypes.Unit.UnitTestAdapter, Microsoft.VisualStudio.QualityTools.Tips.UnitTest.Adapter, Version=10.0.0.0, Culture=neutral, PublicKeyToken=b03f5f7f11d50a3a" className="OfficeOnlineSystemTest.PostFileQueryHql, TestProject2, Version=1.0.0.0, Culture=neutral, PublicKeyToken=null" name="IsPFileExistTest" />
    </UnitTest>
    <UnitTest name="GetAllUserTest" storage="d:\学习\大三下\敏捷软件开发\o\officeonlinesystem\testproject2\bin\debug\testproject2.dll" id="fc4d7038-8280-771f-9dee-1abde09cb41c">
      <Execution id="dc890459-fcee-4d25-87b0-e71dcc66b7f0" />
      <TestMethod codeBase="D:/学习/大三下/敏捷软件开发/O/OfficeOnlineSystem/TestProject2/bin/Debug/TestProject2.DLL" adapterTypeName="Microsoft.VisualStudio.TestTools.TestTypes.Unit.UnitTestAdapter, Microsoft.VisualStudio.QualityTools.Tips.UnitTest.Adapter, Version=10.0.0.0, Culture=neutral, PublicKeyToken=b03f5f7f11d50a3a" className="OfficeOnlineSystemTest.UnitTest2, TestProject2, Version=1.0.0.0, Culture=neutral, PublicKeyToken=null" name="GetAllUserTest" />
    </UnitTest>
    <UnitTest name="GetAllPostFileTest" storage="d:\学习\大三下\敏捷软件开发\o\officeonlinesystem\testproject2\bin\debug\testproject2.dll" id="57e9c50f-a89b-c045-2ccb-d22ef82c4493">
      <Execution id="db9b99cf-689e-49fa-aaff-66b2eb463c86" />
      <TestMethod codeBase="D:/学习/大三下/敏捷软件开发/O/OfficeOnlineSystem/TestProject2/bin/Debug/TestProject2.DLL" adapterTypeName="Microsoft.VisualStudio.TestTools.TestTypes.Unit.UnitTestAdapter, Microsoft.VisualStudio.QualityTools.Tips.UnitTest.Adapter, Version=10.0.0.0, Culture=neutral, PublicKeyToken=b03f5f7f11d50a3a" className="OfficeOnlineSystemTest.PostFileQueryHql, TestProject2, Version=1.0.0.0, Culture=neutral, PublicKeyToken=null" name="GetAllPostFileTest" />
    </UnitTest>
    <UnitTest name="GetOfficeIdByUsernameTest" storage="d:\学习\大三下\敏捷软件开发\o\officeonlinesystem\testproject2\bin\debug\testproject2.dll" id="b76e9260-3f8e-4eb3-f631-33ed64f67039">
      <Execution id="096d1e43-8c01-4bac-b535-e233dac2c2c4" />
      <TestMethod codeBase="D:/学习/大三下/敏捷软件开发/O/OfficeOnlineSystem/TestProject2/bin/Debug/TestProject2.DLL" adapterTypeName="Microsoft.VisualStudio.TestTools.TestTypes.Unit.UnitTestAdapter, Microsoft.VisualStudio.QualityTools.Tips.UnitTest.Adapter, Version=10.0.0.0, Culture=neutral, PublicKeyToken=b03f5f7f11d50a3a" className="OfficeOnlineSystemTest.UnitTest2, TestProject2, Version=1.0.0.0, Culture=neutral, PublicKeyToken=null" name="GetOfficeIdByUsernameTest" />
    </UnitTest>
    <UnitTest name="IsTreatFileExistText" storage="d:\学习\大三下\敏捷软件开发\o\officeonlinesystem\testproject2\bin\debug\testproject2.dll" id="70278418-fd0b-1d3a-d09f-134c5ce9c7fe">
      <Execution id="e931993b-3c84-4792-b2c5-8d14df890dfc" />
      <TestMethod codeBase="D:/学习/大三下/敏捷软件开发/O/OfficeOnlineSystem/TestProject2/bin/Debug/TestProject2.DLL" adapterTypeName="Microsoft.VisualStudio.TestTools.TestTypes.Unit.UnitTestAdapter, Microsoft.VisualStudio.QualityTools.Tips.UnitTest.Adapter, Version=10.0.0.0, Culture=neutral, PublicKeyToken=b03f5f7f11d50a3a" className="OfficeOnlineSystemTest.TreatFileQueryHql, TestProject2, Version=1.0.0.0, Culture=neutral, PublicKeyToken=null" name="IsTreatFileExistText" />
    </UnitTest>
    <UnitTest name="GetUserByUsernameTest" storage="d:\学习\大三下\敏捷软件开发\o\officeonlinesystem\testproject2\bin\debug\testproject2.dll" id="81c89b63-2aba-e0d0-5cfc-faae534e0a33">
      <Execution id="cb02d2fb-7013-46ed-9d42-82b8c9c020a8" />
      <TestMethod codeBase="D:/学习/大三下/敏捷软件开发/O/OfficeOnlineSystem/TestProject2/bin/Debug/TestProject2.DLL" adapterTypeName="Microsoft.VisualStudio.TestTools.TestTypes.Unit.UnitTestAdapter, Microsoft.VisualStudio.QualityTools.Tips.UnitTest.Adapter, Version=10.0.0.0, Culture=neutral, PublicKeyToken=b03f5f7f11d50a3a" className="OfficeOnlineSystemTest.UnitTest2, TestProject2, Version=1.0.0.0, Culture=neutral, PublicKeyToken=null" name="GetUserByUsernameTest" />
    </UnitTest>
    <UnitTest name="GetRoleByUserNameTest" storage="d:\学习\大三下\敏捷软件开发\o\officeonlinesystem\testproject2\bin\debug\testproject2.dll" id="eb0c2730-0531-9ed6-2896-f53191b1d02b">
      <Execution id="a8252fd7-81bf-4d2b-8803-a82005173674" />
      <TestMethod codeBase="D:/学习/大三下/敏捷软件开发/O/OfficeOnlineSystem/TestProject2/bin/Debug/TestProject2.DLL" adapterTypeName="Microsoft.VisualStudio.TestTools.TestTypes.Unit.UnitTestAdapter, Microsoft.VisualStudio.QualityTools.Tips.UnitTest.Adapter, Version=10.0.0.0, Culture=neutral, PublicKeyToken=b03f5f7f11d50a3a" className="OfficeOnlineSystemTest.UnitTest2, TestProject2, Version=1.0.0.0, Culture=neutral, PublicKeyToken=null" name="GetRoleByUserNameTest" />
    </UnitTest>
  </TestDefinitions>
  <TestLists>
    <TestList name="列表中未列出的结果" id="8c84fa94-04c1-424b-9868-57a2d4851a1d" />
    <TestList name="所有已加载的结果" id="19431567-8539-422a-85d7-44ee4e166bda" />
  </TestLists>
  <TestEntries>
    <TestEntry testId="0941814a-df53-5ccc-c420-f9511d87934f" executionId="d866ab3c-2197-444f-8dc4-d6ffa676df0c" testListId="8c84fa94-04c1-424b-9868-57a2d4851a1d" />
    <TestEntry testId="57e9c50f-a89b-c045-2ccb-d22ef82c4493" executionId="db9b99cf-689e-49fa-aaff-66b2eb463c86" testListId="8c84fa94-04c1-424b-9868-57a2d4851a1d" />
    <TestEntry testId="70278418-fd0b-1d3a-d09f-134c5ce9c7fe" executionId="e931993b-3c84-4792-b2c5-8d14df890dfc" testListId="8c84fa94-04c1-424b-9868-57a2d4851a1d" />
    <TestEntry testId="81c89b63-2aba-e0d0-5cfc-faae534e0a33" executionId="cb02d2fb-7013-46ed-9d42-82b8c9c020a8" testListId="8c84fa94-04c1-424b-9868-57a2d4851a1d" />
    <TestEntry testId="9f00eabf-207d-a32d-6200-a35fbf1cc322" executionId="89bbdb36-e963-41b4-a368-c25bfded61ad" testListId="8c84fa94-04c1-424b-9868-57a2d4851a1d" />
    <TestEntry testId="a9dee81f-d9e2-896d-f67e-7bb852229bcb" executionId="e60eac5f-8ca1-49d0-9201-3d323a15342b" testListId="8c84fa94-04c1-424b-9868-57a2d4851a1d" />
    <TestEntry testId="b76e9260-3f8e-4eb3-f631-33ed64f67039" executionId="096d1e43-8c01-4bac-b535-e233dac2c2c4" testListId="8c84fa94-04c1-424b-9868-57a2d4851a1d" />
    <TestEntry testId="eb0c2730-0531-9ed6-2896-f53191b1d02b" executionId="a8252fd7-81bf-4d2b-8803-a82005173674" testListId="8c84fa94-04c1-424b-9868-57a2d4851a1d" />
    <TestEntry testId="eb45bce0-f2e0-418d-63b7-e4b5326374fa" executionId="965b5a06-618a-437f-b1c3-140d81a20b95" testListId="8c84fa94-04c1-424b-9868-57a2d4851a1d" />
    <TestEntry testId="fc4d7038-8280-771f-9dee-1abde09cb41c" executionId="dc890459-fcee-4d25-87b0-e71dcc66b7f0" testListId="8c84fa94-04c1-424b-9868-57a2d4851a1d" />
  </TestEntries>
  <Results>
    <UnitTestResult executionId="d866ab3c-2197-444f-8dc4-d6ffa676df0c" testId="0941814a-df53-5ccc-c420-f9511d87934f" testName="IsPFileExistTest" computerName="STRIKE-THINK" duration="00:00:01.2746169" startTime="2012-05-31T15:37:13.7251553+08:00" endTime="2012-05-31T15:37:15.7072687+08:00" testType="13cdc9d9-ddb5-4fa4-a97d-d965ccfc6d4b" outcome="Passed" testListId="8c84fa94-04c1-424b-9868-57a2d4851a1d" relativeResultsDirectory="d866ab3c-2197-444f-8dc4-d6ffa676df0c">
    </UnitTestResult>
    <UnitTestResult executionId="db9b99cf-689e-49fa-aaff-66b2eb463c86" testId="57e9c50f-a89b-c045-2ccb-d22ef82c4493" testName="GetAllPostFileTest" computerName="STRIKE-THINK" duration="00:00:00.0494721" startTime="2012-05-31T15:37:15.7232696+08:00" endTime="2012-05-31T15:37:15.7842731+08:00" testType="13cdc9d9-ddb5-4fa4-a97d-d965ccfc6d4b" outcome="Passed" testListId="8c84fa94-04c1-424b-9868-57a2d4851a1d" relativeResultsDirectory="db9b99cf-689e-49fa-aaff-66b2eb463c86">
    </UnitTestResult>
    <UnitTestResult executionId="e931993b-3c84-4792-b2c5-8d14df890dfc" testId="70278418-fd0b-1d3a-d09f-134c5ce9c7fe" testName="IsTreatFileExistText" computerName="STRIKE-THINK" duration="00:00:00.0660382" startTime="2012-05-31T15:37:15.7922735+08:00" endTime="2012-05-31T15:37:15.8732782+08:00" testType="13cdc9d9-ddb5-4fa4-a97d-d965ccfc6d4b" outcome="Passed" testListId="8c84fa94-04c1-424b-9868-57a2d4851a1d" relativeResultsDirectory="e931993b-3c84-4792-b2c5-8d14df890dfc">
    </UnitTestResult>
    <UnitTestResult executionId="cb02d2fb-7013-46ed-9d42-82b8c9c020a8" testId="81c89b63-2aba-e0d0-5cfc-faae534e0a33" testName="GetUserByUsernameTest" computerName="STRIKE-THINK" duration="00:00:00.0163963" startTime="2012-05-31T15:37:15.8812786+08:00" endTime="2012-05-31T15:37:15.9152806+08:00" testType="13cdc9d9-ddb5-4fa4-a97d-d965ccfc6d4b" outcome="Passed" testListId="8c84fa94-04c1-424b-9868-57a2d4851a1d" relativeResultsDirectory="cb02d2fb-7013-46ed-9d42-82b8c9c020a8">
    </UnitTestResult>
    <UnitTestResult executionId="89bbdb36-e963-41b4-a368-c25bfded61ad" testId="9f00eabf-207d-a32d-6200-a35fbf1cc322" testName="GetAllTreatFileTest" computerName="STRIKE-THINK" duration="00:00:00.0139261" startTime="2012-05-31T15:37:15.9232810+08:00" endTime="2012-05-31T15:37:15.9462824+08:00" testType="13cdc9d9-ddb5-4fa4-a97d-d965ccfc6d4b" outcome="Passed" testListId="8c84fa94-04c1-424b-9868-57a2d4851a1d" relativeResultsDirectory="89bbdb36-e963-41b4-a368-c25bfded61ad">
    </UnitTestResult>
    <UnitTestResult executionId="e60eac5f-8ca1-49d0-9201-3d323a15342b" testId="a9dee81f-d9e2-896d-f67e-7bb852229bcb" testName="IsUserExistTest" computerName="STRIKE-THINK" duration="00:00:00.0226119" startTime="2012-05-31T15:37:15.9532828+08:00" endTime="2012-05-31T15:37:15.9862846+08:00" testType="13cdc9d9-ddb5-4fa4-a97d-d965ccfc6d4b" outcome="Passed" testListId="8c84fa94-04c1-424b-9868-57a2d4851a1d" relativeResultsDirectory="e60eac5f-8ca1-49d0-9201-3d323a15342b">
    </UnitTestResult>
    <UnitTestResult executionId="096d1e43-8c01-4bac-b535-e233dac2c2c4" testId="b76e9260-3f8e-4eb3-f631-33ed64f67039" testName="GetOfficeIdByUsernameTest" computerName="STRIKE-THINK" duration="00:00:00.0329692" startTime="2012-05-31T15:37:15.9912849+08:00" endTime="2012-05-31T15:37:16.0342874+08:00" testType="13cdc9d9-ddb5-4fa4-a97d-d965ccfc6d4b" outcome="Passed" testListId="8c84fa94-04c1-424b-9868-57a2d4851a1d" relativeResultsDirectory="096d1e43-8c01-4bac-b535-e233dac2c2c4">
    </UnitTestResult>
    <UnitTestResult executionId="a8252fd7-81bf-4d2b-8803-a82005173674" testId="eb0c2730-0531-9ed6-2896-f53191b1d02b" testName="GetRoleByUserNameTest" computerName="STRIKE-THINK" duration="00:00:00.0111880" startTime="2012-05-31T15:37:16.0402877+08:00" endTime="2012-05-31T15:37:16.0602889+08:00" testType="13cdc9d9-ddb5-4fa4-a97d-d965ccfc6d4b" outcome="Passed" testListId="8c84fa94-04c1-424b-9868-57a2d4851a1d" relativeResultsDirectory="a8252fd7-81bf-4d2b-8803-a82005173674">
    </UnitTestResult>
    <UnitTestResult executionId="965b5a06-618a-437f-b1c3-140d81a20b95" testId="eb45bce0-f2e0-418d-63b7-e4b5326374fa" testName="GetAllUserNameTest" computerName="STRIKE-THINK" duration="00:00:00.0137089" startTime="2012-05-31T15:37:16.0652892+08:00" endTime="2012-05-31T15:37:16.0872904+08:00" testType="13cdc9d9-ddb5-4fa4-a97d-d965ccfc6d4b" outcome="Passed" testListId="8c84fa94-04c1-424b-9868-57a2d4851a1d" relativeResultsDirectory="965b5a06-618a-437f-b1c3-140d81a20b95">
    </UnitTestResult>
    <UnitTestResult executionId="dc890459-fcee-4d25-87b0-e71dcc66b7f0" testId="fc4d7038-8280-771f-9dee-1abde09cb41c" testName="GetAllUserTest" computerName="STRIKE-THINK" duration="00:00:00.0114327" startTime="2012-05-31T15:37:16.0932908+08:00" endTime="2012-05-31T15:37:16.1132919+08:00" testType="13cdc9d9-ddb5-4fa4-a97d-d965ccfc6d4b" outcome="Passed" testListId="8c84fa94-04c1-424b-9868-57a2d4851a1d" relativeResultsDirectory="dc890459-fcee-4d25-87b0-e71dcc66b7f0">
    </UnitTestResult>
  </Results>
</TestRun>